=== capsules ===
scene_check: 5861 scheduled steps re-sampled to 11721, 6 arms, 15 pairs
  self-collision: worst 21.5 mm (margin 20 mm)
  min inter-arm clearance 80.6 mm (margin 80 mm) at t=42.01 s between arms 13 and 31
  per-arm plan validation: 0/0 segments ok; progress monotone: True
  min frame clearance 51.6 mm (margin 50 mm), arm 71 at t=117.47 s
  min neighbour-base-column clearance 145.8 mm (margin 80 mm), arm 17 at t=1.03 s
  paper clearance: chain 20.5 mm (margin 20 mm) arm 31 at t=80.00 s; tip -6.4 mm (floor -10 mm) arm 71 at t=110.56 s
  frozen poses: 6/6 pass the joint-limit, paper and boom gates
  VERDICT PASS

VERDICT PASS
  min inter-arm 80.59 mm (gate 80) pair 13-31 at t = 42.01 s -> margin +0.59 mm
  self-collision 21.5 mm (gate 20) arm 31
  frame 51.6 mm (gate 50) arm 71 at t=117.47 s
  neighbour base column 145.8 mm (gate 80) arm 17 at t=1.03 s
  paper chain 20.5 mm (gate 20) arm 31; tip -6.4 mm (floor 10) arm 71
  joint margin min 0.1076
  frozen poses 6/6, pen-below-paper []
  failures: frame [] paper [] column [] self []
wrote out/spheres_recert/v18_capsules.json
=== spheres ===
scene_check: 5861 scheduled steps re-sampled to 11721, 6 arms, 15 pairs
  self-collision: worst 21.5 mm (margin 20 mm)
  min inter-arm clearance 64.8 mm (margin 80 mm) at t=81.57 s between arms 31 and 71
  per-arm plan validation: 0/0 segments ok; progress monotone: True
  min frame clearance 51.6 mm (margin 50 mm), arm 71 at t=117.47 s
  min neighbour-base-column clearance 147.5 mm (margin 80 mm), arm 97 at t=86.96 s
  paper clearance: chain 20.5 mm (margin 20 mm) arm 31 at t=80.00 s; tip -6.4 mm (floor -10 mm) arm 71 at t=110.56 s
  frozen poses: 6/6 pass the joint-limit, paper and boom gates
  VERDICT FAIL

VERDICT FAIL
  min inter-arm 64.82 mm (gate 80) pair 31-71 at t = 81.57 s -> margin -15.18 mm
  self-collision 21.5 mm (gate 20) arm 31
  frame 51.6 mm (gate 50) arm 71 at t=117.47 s
  neighbour base column 147.5 mm (gate 80) arm 97 at t=86.96 s
  paper chain 20.5 mm (gate 20) arm 31; tip -6.4 mm (floor 10) arm 71
  joint margin min 0.1076
  frozen poses 6/6, pen-below-paper []
  failures: frame [] paper [] column [] self []
wrote out/spheres_recert/v18_spheres.json
=== V18 DONE ===
